Estúdio disponível: http://127.0.0.1:8765
Estúdio HTTP: GET 
Estúdio HTTP: GET 
Estúdio HTTP: GET 
Estúdio HTTP: GET 
Estúdio HTTP: GET 
Estúdio HTTP: GET 
Estúdio HTTP: GET 
Estúdio HTTP: GET 
Estúdio HTTP: GET 
Estúdio HTTP: POST 
Estúdio HTTP: POST 
Estúdio HTTP: GET 
Estúdio HTTP: GET 
Estúdio HTTP: GET 
Estúdio HTTP: GET 
Estúdio HTTP: POST 
Estúdio HTTP: POST 
Estúdio HTTP: POST 
Estúdio HTTP: GET 
Estúdio HTTP: GET 
Estúdio HTTP: GET 
Estúdio HTTP: GET 
Estúdio HTTP: GET 
Estúdio HTTP: GET 
Estúdio HTTP: GET 
Estúdio HTTP: GET 
Estúdio HTTP: GET 
Estúdio HTTP: GET 
Estúdio HTTP: GET 
Estúdio HTTP: GET 
Estúdio HTTP: GET 
Estúdio HTTP: GET 
Estúdio HTTP: GET 
Estúdio HTTP: GET 
Estúdio HTTP: GET 
Estúdio HTTP: GET 
Estúdio HTTP: GET 
Estúdio HTTP: GET 
Estúdio HTTP: GET 
Estúdio HTTP: GET 
Estúdio HTTP: GET 
Estúdio HTTP: GET 
Estúdio HTTP: GET 
Estúdio HTTP: GET 
Estúdio HTTP: GET 
Estúdio HTTP: GET 
Estúdio HTTP: GET 
Estúdio HTTP: GET 
Estúdio HTTP: GET 
Estúdio HTTP: GET 
Estúdio HTTP: GET 
Estúdio HTTP: GET 
Estúdio HTTP: GET 
Estúdio HTTP: POST 
Estúdio HTTP: GET 
Estúdio HTTP: GET 
Estúdio HTTP: GET 
Estúdio HTTP: GET 
Estúdio HTTP: GET 
Estúdio HTTP: POST 
Estúdio HTTP: GET 
Estúdio HTTP: POST 
Estúdio HTTP: GET 
Estúdio HTTP: POST 
Estúdio HTTP: GET 
Estúdio HTTP: POST 
Estúdio HTTP: GET 
Estúdio HTTP: POST 
Estúdio HTTP: GET 
Estúdio HTTP: GET 
Estúdio HTTP: GET 
Estúdio HTTP: GET 
Estúdio HTTP: GET 
Estúdio HTTP: GET 
Estúdio HTTP: GET 
Estúdio HTTP: GET 
Estúdio HTTP: GET 
Estúdio HTTP: GET 
Estúdio HTTP: GET 
Estúdio HTTP: GET 
Estúdio HTTP: GET 
Estúdio HTTP: GET 
Estúdio HTTP: GET 
Estúdio HTTP: GET 
Estúdio HTTP: GET 
Estúdio HTTP: GET 
Estúdio HTTP: GET 
Estúdio HTTP: GET 
Estúdio HTTP: GET 
Estúdio HTTP: GET 
Estúdio HTTP: GET 
Estúdio HTTP: GET 
Estúdio HTTP: GET 
Estúdio HTTP: GET 
Estúdio HTTP: GET 
Estúdio HTTP: GET 
Estúdio HTTP: GET 
Estúdio HTTP: GET 
Estúdio HTTP: GET 
Estúdio HTTP: GET 
Estúdio HTTP: GET 
Estúdio HTTP: GET 
Estúdio HTTP: POST 
Estúdio HTTP: GET 
Estúdio HTTP: GET 
Estúdio HTTP: GET 
Estúdio HTTP: GET 
Estúdio HTTP: GET 
Estúdio HTTP: GET 
Estúdio HTTP: GET 
Estúdio HTTP: GET 
Estúdio HTTP: GET 
Estúdio HTTP: POST 
Estúdio HTTP: GET 
Estúdio HTTP: POST 
Estúdio HTTP: GET 
Estúdio HTTP: GET 
Estúdio HTTP: GET 
Estúdio HTTP: GET 
Estúdio HTTP: GET 
Estúdio HTTP: GET 
Estúdio HTTP: GET 
Estúdio HTTP: GET 
Estúdio HTTP: GET 
Estúdio HTTP: GET 
Estúdio HTTP: GET 
Estúdio HTTP: GET 
Estúdio HTTP: GET 
Estúdio HTTP: GET 
Estúdio HTTP: GET 
Estúdio HTTP: GET 
Estúdio HTTP: GET 
Estúdio HTTP: GET 
Estúdio HTTP: GET 
Estúdio HTTP: GET 
Estúdio HTTP: GET 
Estúdio HTTP: GET 
Estúdio HTTP: GET 
Estúdio HTTP: GET 
Estúdio HTTP: GET 
Estúdio HTTP: GET 
Estúdio HTTP: GET 
Estúdio HTTP: GET 
Estúdio HTTP: GET 
Estúdio HTTP: GET 
Estúdio HTTP: GET 
Estúdio HTTP: GET 
Estúdio HTTP: GET 
Estúdio HTTP: GET 
Estúdio HTTP: GET 
Estúdio HTTP: GET 
Estúdio HTTP: GET 
Estúdio HTTP: GET 
Estúdio HTTP: GET 
----------------------------------------
Exception occurred during processing of request from ('127.0.0.1', 56201)
Traceback (most recent call last):
  File "/Library/Frameworks/Python.framework/Versions/3.12/lib/python3.12/socketserver.py", line 697, in process_request_thread
    self.finish_request(request, client_address)
  File "/Library/Frameworks/Python.framework/Versions/3.12/lib/python3.12/socketserver.py", line 362, in finish_request
    self.RequestHandlerClass(request, client_address, self)
  File "/Library/Frameworks/Python.framework/Versions/3.12/lib/python3.12/socketserver.py", line 766, in __init__
    self.handle()
  File "/Library/Frameworks/Python.framework/Versions/3.12/lib/python3.12/http/server.py", line 436, in handle
    self.handle_one_request()
  File "/Library/Frameworks/Python.framework/Versions/3.12/lib/python3.12/http/server.py", line 424, in handle_one_request
    method()
  File "/Users/fernanda/Desktop/kipperdev/AULAS/curso-arquitetura/studio/server.py", line 245, in do_GET
    if start < 0 or start >= size or end < start:
    ^^^^^^^^^^^^^^^^^^^^^^^
  File "/Library/Frameworks/Python.framework/Versions/3.12/lib/python3.12/socketserver.py", line 845, in write
    self._sock.sendall(b)
BrokenPipeError: [Errno 32] Broken pipe
----------------------------------------
Estúdio HTTP: GET 
----------------------------------------
Exception occurred during processing of request from ('127.0.0.1', 56202)
Traceback (most recent call last):
  File "/Library/Frameworks/Python.framework/Versions/3.12/lib/python3.12/socketserver.py", line 697, in process_request_thread
    self.finish_request(request, client_address)
  File "/Library/Frameworks/Python.framework/Versions/3.12/lib/python3.12/socketserver.py", line 362, in finish_request
    self.RequestHandlerClass(request, client_address, self)
  File "/Library/Frameworks/Python.framework/Versions/3.12/lib/python3.12/socketserver.py", line 766, in __init__
    self.handle()
  File "/Library/Frameworks/Python.framework/Versions/3.12/lib/python3.12/http/server.py", line 436, in handle
    self.handle_one_request()
  File "/Library/Frameworks/Python.framework/Versions/3.12/lib/python3.12/http/server.py", line 424, in handle_one_request
    method()
  File "/Users/fernanda/Desktop/kipperdev/AULAS/curso-arquitetura/studio/server.py", line 245, in do_GET
    if start < 0 or start >= size or end < start:
    ^^^^^^^^^^^^^^^^^^^^^^^
  File "/Library/Frameworks/Python.framework/Versions/3.12/lib/python3.12/socketserver.py", line 845, in write
    self._sock.sendall(b)
BrokenPipeError: [Errno 32] Broken pipe
----------------------------------------
Estúdio HTTP: GET 
----------------------------------------
Exception occurred during processing of request from ('127.0.0.1', 56203)
Traceback (most recent call last):
  File "/Library/Frameworks/Python.framework/Versions/3.12/lib/python3.12/socketserver.py", line 697, in process_request_thread
    self.finish_request(request, client_address)
  File "/Library/Frameworks/Python.framework/Versions/3.12/lib/python3.12/socketserver.py", line 362, in finish_request
    self.RequestHandlerClass(request, client_address, self)
  File "/Library/Frameworks/Python.framework/Versions/3.12/lib/python3.12/socketserver.py", line 766, in __init__
    self.handle()
  File "/Library/Frameworks/Python.framework/Versions/3.12/lib/python3.12/http/server.py", line 436, in handle
    self.handle_one_request()
  File "/Library/Frameworks/Python.framework/Versions/3.12/lib/python3.12/http/server.py", line 424, in handle_one_request
    method()
  File "/Users/fernanda/Desktop/kipperdev/AULAS/curso-arquitetura/studio/server.py", line 245, in do_GET
    if start < 0 or start >= size or end < start:
    ^^^^^^^^^^^^^^^^^^^^^^^
  File "/Library/Frameworks/Python.framework/Versions/3.12/lib/python3.12/socketserver.py", line 845, in write
    self._sock.sendall(b)
BrokenPipeError: [Errno 32] Broken pipe
----------------------------------------
Estúdio HTTP: GET 
----------------------------------------
Exception occurred during processing of request from ('127.0.0.1', 56204)
Traceback (most recent call last):
  File "/Library/Frameworks/Python.framework/Versions/3.12/lib/python3.12/socketserver.py", line 697, in process_request_thread
    self.finish_request(request, client_address)
  File "/Library/Frameworks/Python.framework/Versions/3.12/lib/python3.12/socketserver.py", line 362, in finish_request
    self.RequestHandlerClass(request, client_address, self)
  File "/Library/Frameworks/Python.framework/Versions/3.12/lib/python3.12/socketserver.py", line 766, in __init__
    self.handle()
  File "/Library/Frameworks/Python.framework/Versions/3.12/lib/python3.12/http/server.py", line 436, in handle
    self.handle_one_request()
  File "/Library/Frameworks/Python.framework/Versions/3.12/lib/python3.12/http/server.py", line 424, in handle_one_request
    method()
  File "/Users/fernanda/Desktop/kipperdev/AULAS/curso-arquitetura/studio/server.py", line 245, in do_GET
    if start < 0 or start >= size or end < start:
    ^^^^^^^^^^^^^^^^^^^^^^^
  File "/Library/Frameworks/Python.framework/Versions/3.12/lib/python3.12/socketserver.py", line 845, in write
    self._sock.sendall(b)
ConnectionResetError: [Errno 54] Connection reset by peer
----------------------------------------
Estúdio HTTP: GET 
----------------------------------------
Exception occurred during processing of request from ('127.0.0.1', 56205)
Traceback (most recent call last):
  File "/Library/Frameworks/Python.framework/Versions/3.12/lib/python3.12/socketserver.py", line 697, in process_request_thread
    self.finish_request(request, client_address)
  File "/Library/Frameworks/Python.framework/Versions/3.12/lib/python3.12/socketserver.py", line 362, in finish_request
    self.RequestHandlerClass(request, client_address, self)
  File "/Library/Frameworks/Python.framework/Versions/3.12/lib/python3.12/socketserver.py", line 766, in __init__
    self.handle()
  File "/Library/Frameworks/Python.framework/Versions/3.12/lib/python3.12/http/server.py", line 436, in handle
    self.handle_one_request()
  File "/Library/Frameworks/Python.framework/Versions/3.12/lib/python3.12/http/server.py", line 424, in handle_one_request
    method()
  File "/Users/fernanda/Desktop/kipperdev/AULAS/curso-arquitetura/studio/server.py", line 245, in do_GET
    if start < 0 or start >= size or end < start:
    ^^^^^^^^^^^^^^^^^^^^^^^
  File "/Library/Frameworks/Python.framework/Versions/3.12/lib/python3.12/socketserver.py", line 845, in write
    self._sock.sendall(b)
BrokenPipeError: [Errno 32] Broken pipe
----------------------------------------
Estúdio HTTP: GET 
Estúdio HTTP: GET 
Estúdio HTTP: GET 
Estúdio HTTP: GET 
Estúdio HTTP: GET 
Estúdio HTTP: GET 
Estúdio HTTP: GET 
Estúdio HTTP: GET 
Estúdio HTTP: GET 
Estúdio HTTP: GET 
Estúdio HTTP: GET 
Estúdio HTTP: GET 
Estúdio HTTP: GET 
Estúdio HTTP: GET 
Estúdio HTTP: GET 
Estúdio HTTP: GET 
Estúdio HTTP: GET 
Estúdio HTTP: GET 
Estúdio HTTP: GET 
Estúdio HTTP: GET 
Estúdio HTTP: GET 
Estúdio HTTP: GET 
Estúdio HTTP: GET 
Estúdio HTTP: GET 
Estúdio HTTP: GET 
Estúdio HTTP: GET 
Estúdio HTTP: GET 
Estúdio HTTP: GET 
Estúdio HTTP: GET 
Estúdio HTTP: GET 
Estúdio HTTP: GET 
Estúdio HTTP: GET 
Estúdio HTTP: GET 
Estúdio HTTP: GET 
Estúdio HTTP: GET 
Estúdio HTTP: GET 
Estúdio HTTP: GET 
Estúdio HTTP: GET 
Estúdio HTTP: GET 
Estúdio HTTP: GET 
Estúdio HTTP: GET 
Estúdio HTTP: GET 
Estúdio HTTP: GET 
Estúdio HTTP: GET 
Estúdio HTTP: GET 
Estúdio HTTP: GET 
Estúdio HTTP: GET 
Estúdio HTTP: GET 
Estúdio HTTP: POST 
Estúdio HTTP: GET 
Estúdio HTTP: GET 
Estúdio HTTP: GET 
Estúdio HTTP: GET 
Estúdio HTTP: GET 
Estúdio HTTP: GET 
Estúdio HTTP: GET 
Estúdio HTTP: GET 
Estúdio HTTP: GET 
Estúdio HTTP: GET 
Estúdio HTTP: GET 
Estúdio HTTP: GET 
Estúdio HTTP: GET 
Estúdio HTTP: GET 
Estúdio HTTP: GET 
Estúdio HTTP: GET 
Estúdio HTTP: GET 
Estúdio HTTP: GET 
Estúdio HTTP: GET 
Estúdio HTTP: GET 
Estúdio HTTP: GET 
Estúdio HTTP: GET 
Estúdio HTTP: GET 
Estúdio HTTP: GET 
Estúdio HTTP: GET 
Estúdio HTTP: GET 
Estúdio HTTP: GET 
Estúdio HTTP: GET 
Estúdio HTTP: GET 
Estúdio HTTP: GET 
Estúdio HTTP: GET 
Estúdio HTTP: GET 
Estúdio HTTP: GET 
Estúdio HTTP: GET 
Estúdio HTTP: GET 
Estúdio HTTP: GET 
Estúdio HTTP: GET 
Estúdio HTTP: GET 
Estúdio HTTP: GET 
Estúdio HTTP: GET 
Estúdio HTTP: GET 
Estúdio HTTP: GET 
Estúdio HTTP: GET 
Estúdio HTTP: GET 
Estúdio HTTP: GET 
Estúdio HTTP: GET 
Estúdio HTTP: GET 
Estúdio HTTP: GET 
Estúdio HTTP: GET 
Estúdio HTTP: GET 
Estúdio HTTP: GET 
Estúdio HTTP: GET 
Estúdio HTTP: GET 
Estúdio HTTP: GET 
Estúdio HTTP: GET 
Estúdio HTTP: POST 
Estúdio HTTP: POST 
Estúdio HTTP: GET 
Estúdio HTTP: GET 
Estúdio HTTP: GET 
Estúdio HTTP: GET 
Estúdio HTTP: GET 
Estúdio HTTP: GET 
Estúdio HTTP: GET 
Estúdio HTTP: GET 
Estúdio HTTP: GET 
Estúdio HTTP: GET 
Estúdio HTTP: GET 
Estúdio HTTP: GET 
Estúdio HTTP: GET 
Estúdio HTTP: GET 
Estúdio HTTP: GET 
Estúdio HTTP: GET 
Estúdio HTTP: GET 
Estúdio HTTP: GET 
Estúdio HTTP: GET 
Estúdio HTTP: GET 
Estúdio HTTP: GET 
Estúdio HTTP: GET 
Estúdio HTTP: GET 
Estúdio HTTP: GET 
Estúdio HTTP: GET 
Estúdio HTTP: GET 
Estúdio HTTP: GET 
Estúdio HTTP: GET 
Estúdio HTTP: GET 
Estúdio HTTP: GET 
Estúdio HTTP: GET 
Estúdio HTTP: GET 
Estúdio HTTP: GET 
Estúdio HTTP: GET 
Estúdio HTTP: GET 
Estúdio HTTP: GET 
Estúdio HTTP: GET 
Estúdio HTTP: GET 
Estúdio HTTP: GET 
Estúdio HTTP: GET 
Estúdio HTTP: GET 
Estúdio HTTP: GET 
Estúdio HTTP: GET 
Estúdio HTTP: GET 
Estúdio HTTP: GET 
Estúdio HTTP: GET 
Estúdio HTTP: GET 
Estúdio HTTP: GET 
Estúdio HTTP: GET 
Estúdio HTTP: GET 
Estúdio HTTP: GET 
Estúdio HTTP: GET 
Estúdio HTTP: GET 
Estúdio HTTP: GET 
Estúdio HTTP: GET 
Estúdio HTTP: GET 
Estúdio HTTP: GET 
Estúdio HTTP: GET 
Estúdio HTTP: GET 
Estúdio HTTP: GET 
Estúdio HTTP: GET 
Estúdio HTTP: POST 
Estúdio HTTP: POST 
Estúdio HTTP: GET 
Estúdio HTTP: POST 
Estúdio HTTP: GET 
Estúdio HTTP: GET 
Estúdio HTTP: GET 
Estúdio HTTP: GET 
Estúdio HTTP: GET 
Estúdio HTTP: GET 
Estúdio HTTP: GET 
Estúdio HTTP: GET 
Estúdio HTTP: GET 
Estúdio HTTP: GET 
Estúdio HTTP: GET 
Estúdio HTTP: GET 
Estúdio HTTP: GET 
Estúdio HTTP: GET 
Estúdio HTTP: GET 
Estúdio HTTP: GET 
Estúdio HTTP: GET 
Estúdio HTTP: GET 
Estúdio HTTP: GET 
Estúdio HTTP: GET 
Estúdio HTTP: GET 
Estúdio HTTP: GET 
Estúdio HTTP: GET 
Estúdio HTTP: GET 
Estúdio HTTP: GET 
Estúdio HTTP: GET 
Estúdio HTTP: GET 
Estúdio HTTP: GET 
Estúdio HTTP: GET 
Estúdio HTTP: GET 
Estúdio HTTP: GET 
Estúdio HTTP: GET 
Estúdio HTTP: GET 
Estúdio HTTP: POST 
Estúdio HTTP: POST 
Estúdio HTTP: GET 
Estúdio HTTP: GET 
Estúdio HTTP: GET 
Estúdio HTTP: GET 
Estúdio HTTP: GET 
Estúdio HTTP: GET 
Estúdio HTTP: GET 
Estúdio HTTP: GET 
Estúdio HTTP: GET 
Estúdio HTTP: GET 
Estúdio HTTP: GET 
Estúdio HTTP: GET 
Estúdio HTTP: GET 
Estúdio HTTP: GET 
Estúdio HTTP: GET 
Estúdio HTTP: GET 
Estúdio HTTP: GET 
Estúdio HTTP: GET 
Estúdio HTTP: GET 
Estúdio HTTP: GET 
Estúdio HTTP: GET 
Estúdio HTTP: GET 
Estúdio HTTP: GET 
Estúdio HTTP: GET 
Estúdio HTTP: GET 
Estúdio HTTP: GET 
Estúdio HTTP: GET 
Estúdio HTTP: GET 
Estúdio HTTP: GET 
Estúdio HTTP: GET 
Estúdio HTTP: GET 
Estúdio HTTP: POST 
Estúdio HTTP: POST 
Estúdio HTTP: GET 
Estúdio HTTP: GET 
Estúdio HTTP: GET 
Estúdio HTTP: GET 
Estúdio HTTP: GET 
Estúdio HTTP: GET 
Estúdio HTTP: GET 
Estúdio HTTP: GET 
Estúdio HTTP: GET 
Estúdio HTTP: GET 
Estúdio HTTP: GET 
Estúdio HTTP: GET 
Estúdio HTTP: GET 
Estúdio HTTP: GET 
Estúdio HTTP: GET 
Estúdio HTTP: GET 
Estúdio HTTP: GET 
Estúdio HTTP: GET 
Estúdio HTTP: GET 
Estúdio HTTP: GET 
Estúdio HTTP: GET 
Estúdio HTTP: GET 
Estúdio HTTP: GET 
Estúdio HTTP: GET 
Estúdio HTTP: GET 
Estúdio HTTP: GET 
Estúdio HTTP: GET 
Estúdio HTTP: GET 
Estúdio HTTP: GET 
Estúdio HTTP: GET 
Estúdio HTTP: GET 
Estúdio HTTP: GET 
Estúdio HTTP: GET 
Estúdio HTTP: GET 
Estúdio HTTP: GET 
Estúdio HTTP: GET 
Estúdio HTTP: GET 
Estúdio HTTP: GET 
Estúdio HTTP: GET 
Estúdio HTTP: GET 
Estúdio HTTP: GET 
Estúdio HTTP: GET 
Estúdio HTTP: GET 
Estúdio HTTP: POST 
Estúdio HTTP: POST 
Estúdio HTTP: GET 
Estúdio HTTP: GET 
Estúdio HTTP: GET 
Estúdio HTTP: GET 
Estúdio HTTP: GET 
Estúdio HTTP: GET 
Estúdio HTTP: GET 
Estúdio HTTP: GET 
Estúdio HTTP: GET 
Estúdio HTTP: GET 
Estúdio HTTP: GET 
Estúdio HTTP: GET 
